
> education-data-platform@0.0.0 build
> vite build

[36mvite v7.3.1 [32mbuilding client environment for production...[36m[39m
transforming...
[32m✓[39m 749 modules transformed.
rendering chunks...
computing gzip size...
[2mdist/[22m[32mindex.html                   [39m[1m[2m    0.47 kB[22m[1m[22m[2m │ gzip:   0.30 kB[22m
[2mdist/[22m[32massets/FB-Logo-D4xV4OTW.svg  [39m[1m[2m    4.74 kB[22m[1m[22m[2m │ gzip:   1.86 kB[22m
[2mdist/[22m[35massets/index-RbHxvTTr.css    [39m[1m[2m   15.61 kB[22m[1m[22m[2m │ gzip:   4.27 kB[22m
[2mdist/[22m[36massets/index-CxKRFtxc.js     [39m[1m[33m1,548.21 kB[39m[22m[2m │ gzip: 378.97 kB[22m
node.exe : [33m
At line:1 char:1
+ & "C:\Program Files\nodejs/node.exe" "C:\Users\noahb\AppData\Roaming\ ...
+ ~~~~~~~~~~~~~~~~~~~~~~~~~~~~~~~~~~~~~~~~~~~~~~~~~~~~~~~~~~~~~~~~~~~~~
    + CategoryInfo          : NotSpecified: ([33m:String) [], RemoteException
    + FullyQualifiedErrorId : NativeCommandError
 
(!) Some chunks are larger than 500 kB after minification. Consider:
- Using dynamic import() to code-split the application
- Use build.rollupOptions.output.manualChunks to improve chunking: 
https://rollupjs.org/configuration-options/#output-manualchunks
- Adjust chunk size limit for this warning via build.chunkSizeWarningLimit.[39m
[32m✓ built in 11.31s[39m
